Q: Where are my disks?
They are listed as /dev/sdf in EBC web interface
On Ubuntu, you need to create a partition and format it before mounting it!
The names are also not the same for some readon!
For /dev/sdf use /dev/xvdf

Q: What is the procedure to make it appear on my machine?
fdisk /dev/xvdf
mkfs.ext3 /dev/xvdf1
mkdir /mnt/filesystem_1
moount /dev/xvdf1 /mnt/filesystem_1

Q: mkfs.ext4 output?
$ sudo mkfs.ext4 /dev/xvdf1
mke2fs 1.42 (29-Nov-2011)
Filesystem label=
OS type: Linux
Block size=4096 (log=2)
Fragment size=4096 (log=2)
Stride=0 blocks, Stripe width=0 blocks
32768000 inodes, 131071744 blocks
6553587 blocks (5.00%) reserved for the super user
First data block=0
Maximum filesystem blocks=4294967296
4000 block groups
32768 blocks per group, 32768 fragments per group
8192 inodes per group
Superblock backups stored on blocks: 
        32768, 98304, 163840, 229376, 294912, 819200, 884736, 1605632, 2654208, 
        4096000, 7962624, 11239424, 20480000, 23887872, 71663616, 78675968, 
        102400000

Allocating group tables: done                            
Writing inode tables: done                            
Creating journal (32768 blocks): done
Writing superblocks and filesystem accounting information: done     

Q: fstab ?
$ cat /etc/fstab 
LABEL=cloudimg-rootfs   /        ext4   defaults        0 0
/dev/xvdf1      /mnt/backups    ext4    defaults        0 0


